nohup: ignoring input
/data/omar/m2/core/seq.py:146: UserWarning: enable_nested_tensor is True, but self.use_nested_tensor is False because encoder_layer.norm_first was True
  self.tf = nn.TransformerEncoder(layer, depth)
04:30:11 65587 train sentences, 2977 val chunks, pre 250
04:30:25 ep 0 step 100 word 3.323 base 3.315 mean 11.925 lr x0.333 0.13s/step
04:30:34 ep 0 step 200 word 3.310 base 3.280 mean 9.690 lr x0.666 0.09s/step
04:30:43 ep 0 step 300 word 3.317 base 3.281 mean 9.839 lr x0.999 0.09s/step
04:30:51 ep 0 step 400 word 3.293 base 3.252 mean 9.619 lr x0.999 0.08s/step
04:31:00 ep 0 step 500 word 3.340 base 3.301 mean 9.335 lr x0.998 0.09s/step
04:31:08 ep 0 step 600 word 3.346 base 3.311 mean 9.463 lr x0.997 0.08s/step
04:31:16 ep 0 step 700 word 3.295 base 3.267 mean 9.342 lr x0.996 0.08s/step
04:31:25 ep 0 step 800 word 3.272 base 3.256 mean 9.333 lr x0.995 0.09s/step
04:31:33 ep 0 step 900 word 3.288 base 3.267 mean 9.076 lr x0.994 0.08s/step
04:31:41 ep 0 step 1000 word 3.264 base 3.256 mean 9.165 lr x0.993 0.08s/step
04:31:50 ep 0 step 1100 word 3.325 base 3.310 mean 9.189 lr x0.991 0.09s/step
04:31:59 ep 0 step 1200 word 3.312 base 3.321 mean 8.883 lr x0.989 0.09s/step
04:32:08 ep 0 step 1300 word 3.288 base 3.317 mean 9.078 lr x0.988 0.09s/step
04:32:17 ep 0 step 1400 word 3.231 base 3.284 mean 8.922 lr x0.986 0.09s/step
04:32:24 ep 0 step 1500 word 3.230 base 3.293 mean 8.806 lr x0.983 0.07s/step
04:32:33 == epoch 0 deep: bacc10 0.2611 best 0.3087@lam0.5 | broad: bacc10 0.2423 best 0.3639@lam1.0
04:32:37 new best 0.3363
04:32:40 new best deep 0.3087
04:32:43 new best broad 0.3639
04:32:54 ep 1 step 1600 word 3.216 base 3.287 mean 8.820 lr x0.981 0.11s/step
04:33:04 ep 1 step 1700 word 3.192 base 3.295 mean 8.559 lr x0.979 0.09s/step
04:33:12 ep 1 step 1800 word 3.190 base 3.304 mean 8.521 lr x0.976 0.09s/step
04:33:22 ep 1 step 1900 word 3.192 base 3.318 mean 8.442 lr x0.974 0.09s/step
04:33:30 ep 1 step 2000 word 3.201 base 3.332 mean 8.300 lr x0.971 0.08s/step
04:33:38 ep 1 step 2100 word 3.146 base 3.305 mean 8.351 lr x0.968 0.09s/step
04:33:47 ep 1 step 2200 word 3.167 base 3.323 mean 8.196 lr x0.965 0.09s/step
04:33:56 ep 1 step 2300 word 3.137 base 3.295 mean 8.289 lr x0.961 0.09s/step
04:34:05 ep 1 step 2400 word 3.125 base 3.306 mean 8.104 lr x0.958 0.09s/step
04:34:14 ep 1 step 2500 word 3.106 base 3.297 mean 8.206 lr x0.955 0.08s/step
04:34:22 ep 1 step 2600 word 3.169 base 3.364 mean 8.023 lr x0.951 0.08s/step
04:34:31 ep 1 step 2700 word 3.113 base 3.308 mean 7.876 lr x0.947 0.09s/step
04:34:40 ep 1 step 2800 word 3.129 base 3.345 mean 7.806 lr x0.943 0.09s/step
04:34:49 ep 1 step 2900 word 3.106 base 3.309 mean 7.998 lr x0.939 0.09s/step
04:34:57 ep 1 step 3000 word 3.082 base 3.292 mean 7.865 lr x0.935 0.07s/step
04:35:06 == epoch 1 deep: bacc10 0.3484 best 0.3915@lam1.0 | broad: bacc10 0.3311 best 0.4773@lam1.0
04:35:09 new best 0.4344
04:35:10 new best deep 0.3915
04:35:11 new best broad 0.4773
04:35:22 ep 2 step 3100 word 3.046 base 3.301 mean 7.769 lr x0.931 0.11s/step
04:35:31 ep 2 step 3200 word 3.056 base 3.316 mean 7.778 lr x0.926 0.09s/step
04:35:40 ep 2 step 3300 word 3.059 base 3.322 mean 7.657 lr x0.922 0.09s/step
04:35:49 ep 2 step 3400 word 3.057 base 3.326 mean 7.780 lr x0.917 0.09s/step
04:35:58 ep 2 step 3500 word 3.067 base 3.358 mean 7.535 lr x0.912 0.09s/step
04:36:07 ep 2 step 3600 word 3.011 base 3.310 mean 7.549 lr x0.907 0.09s/step
04:36:15 ep 2 step 3700 word 3.021 base 3.305 mean 7.621 lr x0.902 0.08s/step
04:36:24 ep 2 step 3800 word 3.068 base 3.358 mean 7.416 lr x0.897 0.09s/step
04:36:32 ep 2 step 3900 word 3.042 base 3.344 mean 7.375 lr x0.892 0.09s/step
04:36:41 ep 2 step 4000 word 2.996 base 3.319 mean 7.196 lr x0.887 0.09s/step
04:36:50 ep 2 step 4100 word 2.968 base 3.308 mean 7.320 lr x0.881 0.09s/step
04:36:59 ep 2 step 4200 word 3.021 base 3.341 mean 7.265 lr x0.875 0.09s/step
04:37:07 ep 2 step 4300 word 3.005 base 3.338 mean 7.168 lr x0.870 0.08s/step
04:37:16 ep 2 step 4400 word 2.967 base 3.312 mean 7.330 lr x0.864 0.09s/step
04:37:24 ep 2 step 4500 word 2.949 base 3.307 mean 7.109 lr x0.858 0.07s/step
04:37:33 == epoch 2 deep: bacc10 0.4133 best 0.4996@lam0.5 | broad: bacc10 0.4399 best 0.6008@lam1.0
04:37:36 new best 0.5502
04:37:37 new best deep 0.4996
04:37:38 new best broad 0.6008
04:37:49 ep 3 step 4600 word 2.949 base 3.296 mean 7.298 lr x0.852 0.11s/step
04:37:59 ep 3 step 4700 word 2.927 base 3.288 mean 7.082 lr x0.846 0.09s/step
04:38:07 ep 3 step 4800 word 2.965 base 3.330 mean 7.035 lr x0.840 0.09s/step
04:38:16 ep 3 step 4900 word 2.950 base 3.334 mean 6.975 lr x0.833 0.09s/step
04:38:25 ep 3 step 5000 word 2.984 base 3.347 mean 7.078 lr x0.827 0.09s/step
04:38:34 ep 3 step 5100 word 2.931 base 3.317 mean 7.071 lr x0.820 0.09s/step
04:38:43 ep 3 step 5200 word 2.922 base 3.315 mean 6.966 lr x0.814 0.09s/step
04:38:52 ep 3 step 5300 word 2.896 base 3.331 mean 6.816 lr x0.807 0.09s/step
04:39:01 ep 3 step 5400 word 2.925 base 3.331 mean 6.869 lr x0.800 0.09s/step
04:39:09 ep 3 step 5500 word 2.889 base 3.325 mean 6.857 lr x0.793 0.08s/step
04:39:18 ep 3 step 5600 word 2.909 base 3.326 mean 6.897 lr x0.786 0.09s/step
04:39:26 ep 3 step 5700 word 2.890 base 3.313 mean 6.767 lr x0.779 0.08s/step
04:39:35 ep 3 step 5800 word 2.935 base 3.347 mean 6.844 lr x0.772 0.09s/step
04:39:44 ep 3 step 5900 word 2.908 base 3.330 mean 6.659 lr x0.765 0.09s/step
04:39:51 ep 3 step 6000 word 2.876 base 3.327 mean 6.621 lr x0.758 0.07s/step
04:40:01 == epoch 3 deep: bacc10 0.4536 best 0.5666@lam0.5 | broad: bacc10 0.4884 best 0.6503@lam1.0
04:40:03 new best 0.6085
04:40:05 new best deep 0.5666
04:40:06 new best broad 0.6503
04:40:17 ep 4 step 6100 word 2.896 base 3.321 mean 6.641 lr x0.750 0.11s/step
04:40:26 ep 4 step 6200 word 2.904 base 3.342 mean 6.645 lr x0.743 0.09s/step
04:40:35 ep 4 step 6300 word 2.863 base 3.312 mean 6.628 lr x0.735 0.09s/step
04:40:44 ep 4 step 6400 word 2.868 base 3.301 mean 6.777 lr x0.728 0.09s/step
04:40:53 ep 4 step 6500 word 2.896 base 3.358 mean 6.524 lr x0.720 0.09s/step
04:41:01 ep 4 step 6600 word 2.843 base 3.323 mean 6.531 lr x0.712 0.08s/step
04:41:10 ep 4 step 6700 word 2.830 base 3.313 mean 6.490 lr x0.705 0.08s/step
04:41:18 ep 4 step 6800 word 2.836 base 3.315 mean 6.396 lr x0.697 0.08s/step
04:41:26 ep 4 step 6900 word 2.829 base 3.330 mean 6.482 lr x0.689 0.08s/step
04:41:35 ep 4 step 7000 word 2.852 base 3.315 mean 6.401 lr x0.681 0.09s/step
04:41:44 ep 4 step 7100 word 2.852 base 3.361 mean 6.460 lr x0.673 0.09s/step
04:41:53 ep 4 step 7200 word 2.830 base 3.324 mean 6.346 lr x0.665 0.09s/step
04:42:02 ep 4 step 7300 word 2.805 base 3.337 mean 6.407 lr x0.657 0.09s/step
04:42:11 ep 4 step 7400 word 2.820 base 3.318 mean 6.497 lr x0.649 0.08s/step
04:42:18 ep 4 step 7500 word 2.830 base 3.330 mean 6.443 lr x0.641 0.07s/step
04:42:27 == epoch 4 deep: bacc10 0.4837 best 0.5836@lam1.0 | broad: bacc10 0.5031 best 0.6612@lam1.0
04:42:29 new best 0.6224
04:42:31 new best deep 0.5836
04:42:32 new best broad 0.6612
04:42:44 ep 5 step 7600 word 2.780 base 3.316 mean 6.416 lr x0.632 0.11s/step
04:42:52 ep 5 step 7700 word 2.820 base 3.328 mean 6.324 lr x0.624 0.09s/step
04:43:01 ep 5 step 7800 word 2.812 base 3.333 mean 6.289 lr x0.616 0.09s/step
04:43:10 ep 5 step 7900 word 2.794 base 3.334 mean 6.329 lr x0.608 0.09s/step
04:43:18 ep 5 step 8000 word 2.791 base 3.318 mean 6.315 lr x0.599 0.08s/step
04:43:28 ep 5 step 8100 word 2.777 base 3.304 mean 6.246 lr x0.591 0.09s/step
04:43:37 ep 5 step 8200 word 2.800 base 3.319 mean 6.361 lr x0.583 0.09s/step
04:43:45 ep 5 step 8300 word 2.755 base 3.281 mean 6.200 lr x0.574 0.09s/step
04:43:54 ep 5 step 8400 word 2.763 base 3.305 mean 6.202 lr x0.566 0.09s/step
04:44:03 ep 5 step 8500 word 2.764 base 3.340 mean 6.162 lr x0.557 0.09s/step
04:44:11 ep 5 step 8600 word 2.763 base 3.300 mean 6.243 lr x0.549 0.08s/step
04:44:20 ep 5 step 8700 word 2.754 base 3.300 mean 6.310 lr x0.540 0.09s/step
04:44:28 ep 5 step 8800 word 2.746 base 3.303 mean 6.207 lr x0.532 0.09s/step
04:44:37 ep 5 step 8900 word 2.785 base 3.333 mean 6.014 lr x0.524 0.08s/step
04:44:44 ep 5 step 9000 word 2.779 base 3.346 mean 6.181 lr x0.515 0.07s/step
04:44:53 == epoch 5 deep: bacc10 0.4908 best 0.5918@lam1.0 | broad: bacc10 0.4935 best 0.6421@lam1.0
04:44:56 new best deep 0.5918
04:45:07 ep 6 step 9100 word 2.764 base 3.334 mean 6.075 lr x0.507 0.11s/step
04:45:16 ep 6 step 9200 word 2.708 base 3.288 mean 6.120 lr x0.498 0.09s/step
04:45:24 ep 6 step 9300 word 2.731 base 3.314 mean 6.064 lr x0.490 0.08s/step
04:45:33 ep 6 step 9400 word 2.687 base 3.282 mean 5.970 lr x0.481 0.09s/step
04:45:42 ep 6 step 9500 word 2.727 base 3.299 mean 6.108 lr x0.473 0.09s/step
04:45:51 ep 6 step 9600 word 2.693 base 3.295 mean 5.938 lr x0.464 0.09s/step
04:45:59 ep 6 step 9700 word 2.696 base 3.293 mean 5.996 lr x0.456 0.09s/step
04:46:08 ep 6 step 9800 word 2.683 base 3.289 mean 5.926 lr x0.448 0.09s/step
04:46:17 ep 6 step 9900 word 2.724 base 3.317 mean 5.970 lr x0.439 0.08s/step
04:46:25 ep 6 step 10000 word 2.727 base 3.320 mean 5.945 lr x0.431 0.08s/step
04:46:34 ep 6 step 10100 word 2.755 base 3.340 mean 5.943 lr x0.423 0.09s/step
04:46:43 ep 6 step 10200 word 2.712 base 3.328 mean 5.924 lr x0.414 0.09s/step
04:46:52 ep 6 step 10300 word 2.729 base 3.335 mean 5.861 lr x0.406 0.09s/step
04:46:59 ep 6 step 10400 word 2.687 base 3.310 mean 5.865 lr x0.398 0.08s/step
04:47:06 ep 6 step 10500 word 2.665 base 3.299 mean 5.891 lr x0.390 0.07s/step
04:47:15 == epoch 6 deep: bacc10 0.4919 best 0.5950@lam1.0 | broad: bacc10 0.4865 best 0.6583@lam1.0
04:47:18 new best 0.6267
04:47:19 new best deep 0.5950
04:47:29 ep 7 step 10600 word 2.630 base 3.276 mean 5.717 lr x0.381 0.10s/step
04:47:37 ep 7 step 10700 word 2.694 base 3.320 mean 5.895 lr x0.373 0.07s/step
04:47:46 ep 7 step 10800 word 2.690 base 3.309 mean 5.872 lr x0.365 0.09s/step
04:47:55 ep 7 step 10900 word 2.700 base 3.306 mean 5.891 lr x0.357 0.09s/step
04:48:04 ep 7 step 11000 word 2.658 base 3.322 mean 5.704 lr x0.349 0.09s/step
04:48:12 ep 7 step 11100 word 2.641 base 3.290 mean 5.924 lr x0.341 0.09s/step
04:48:21 ep 7 step 11200 word 2.674 base 3.314 mean 5.742 lr x0.333 0.08s/step
04:48:30 ep 7 step 11300 word 2.642 base 3.322 mean 5.788 lr x0.326 0.09s/step
04:48:39 ep 7 step 11400 word 2.637 base 3.300 mean 5.680 lr x0.318 0.09s/step
04:48:47 ep 7 step 11500 word 2.595 base 3.281 mean 5.581 lr x0.310 0.09s/step
04:48:56 ep 7 step 11600 word 2.613 base 3.329 mean 5.671 lr x0.302 0.09s/step
04:49:05 ep 7 step 11700 word 2.659 base 3.329 mean 5.675 lr x0.295 0.09s/step
04:49:14 ep 7 step 11800 word 2.621 base 3.309 mean 5.664 lr x0.287 0.09s/step
04:49:23 ep 7 step 11900 word 2.679 base 3.327 mean 5.720 lr x0.280 0.09s/step
04:49:30 ep 7 step 12000 word 2.663 base 3.334 mean 5.650 lr x0.273 0.07s/step
04:49:39 == epoch 7 deep: bacc10 0.4922 best 0.5982@lam1.0 | broad: bacc10 0.4765 best 0.6420@lam1.0
04:49:42 new best deep 0.5982
04:49:53 ep 8 step 12100 word 2.585 base 3.282 mean 5.646 lr x0.265 0.10s/step
04:50:02 ep 8 step 12200 word 2.611 base 3.323 mean 5.572 lr x0.258 0.09s/step
04:50:11 ep 8 step 12300 word 2.644 base 3.330 mean 5.695 lr x0.251 0.09s/step
04:50:19 ep 8 step 12400 word 2.563 base 3.313 mean 5.648 lr x0.244 0.09s/step
04:50:28 ep 8 step 12500 word 2.599 base 3.290 mean 5.548 lr x0.237 0.09s/step
04:50:37 ep 8 step 12600 word 2.567 base 3.301 mean 5.576 lr x0.230 0.09s/step
04:50:45 ep 8 step 12700 word 2.523 base 3.272 mean 5.613 lr x0.223 0.09s/step
04:50:54 ep 8 step 12800 word 2.622 base 3.320 mean 5.743 lr x0.216 0.09s/step
04:51:02 ep 8 step 12900 word 2.582 base 3.287 mean 5.566 lr x0.210 0.08s/step
04:51:10 ep 8 step 13000 word 2.612 base 3.320 mean 5.787 lr x0.203 0.08s/step
04:51:19 ep 8 step 13100 word 2.565 base 3.271 mean 5.577 lr x0.197 0.08s/step
04:51:28 ep 8 step 13200 word 2.551 base 3.276 mean 5.523 lr x0.191 0.09s/step
04:51:37 ep 8 step 13300 word 2.564 base 3.278 mean 5.588 lr x0.184 0.10s/step
04:51:46 ep 8 step 13400 word 2.579 base 3.277 mean 5.610 lr x0.178 0.09s/step
04:51:54 ep 8 step 13500 word 2.602 base 3.311 mean 5.566 lr x0.172 0.07s/step
04:52:11 == epoch 8 deep: bacc10 0.4908 best 0.5993@lam1.0 | broad: bacc10 0.4620 best 0.6208@lam1.0
04:52:13 new best deep 0.5993
04:52:24 ep 9 step 13600 word 2.610 base 3.337 mean 5.622 lr x0.166 0.11s/step
04:52:33 ep 9 step 13700 word 2.573 base 3.313 mean 5.520 lr x0.160 0.08s/step
04:52:42 ep 9 step 13800 word 2.547 base 3.274 mean 5.562 lr x0.155 0.09s/step
04:52:50 ep 9 step 13900 word 2.535 base 3.299 mean 5.458 lr x0.149 0.09s/step
04:52:59 ep 9 step 14000 word 2.592 base 3.301 mean 5.568 lr x0.144 0.09s/step
04:53:07 ep 9 step 14100 word 2.575 base 3.338 mean 5.355 lr x0.138 0.08s/step
04:53:16 ep 9 step 14200 word 2.600 base 3.322 mean 5.431 lr x0.133 0.09s/step
04:53:24 ep 9 step 14300 word 2.565 base 3.305 mean 5.392 lr x0.128 0.08s/step
04:53:33 ep 9 step 14400 word 2.555 base 3.310 mean 5.415 lr x0.123 0.09s/step
04:53:42 ep 9 step 14500 word 2.502 base 3.256 mean 5.319 lr x0.118 0.09s/step
04:53:51 ep 9 step 14600 word 2.535 base 3.311 mean 5.470 lr x0.113 0.09s/step
04:54:00 ep 9 step 14700 word 2.547 base 3.299 mean 5.446 lr x0.108 0.09s/step
04:54:09 ep 9 step 14800 word 2.490 base 3.291 mean 5.349 lr x0.104 0.09s/step
04:54:17 ep 9 step 14900 word 2.547 base 3.300 mean 5.448 lr x0.099 0.08s/step
04:54:24 ep 9 step 15000 word 2.500 base 3.283 mean 5.340 lr x0.095 0.07s/step
04:54:41 == epoch 9 deep: bacc10 0.4878 best 0.6127@lam1.0 | broad: bacc10 0.4554 best 0.6174@lam1.0
04:54:44 new best deep 0.6127
04:54:55 ep 10 step 15100 word 2.497 base 3.280 mean 5.325 lr x0.091 0.11s/step
04:55:04 ep 10 step 15200 word 2.529 base 3.280 mean 5.366 lr x0.087 0.09s/step
04:55:14 ep 10 step 15300 word 2.539 base 3.286 mean 5.353 lr x0.083 0.09s/step
04:55:23 ep 10 step 15400 word 2.567 base 3.308 mean 5.518 lr x0.079 0.10s/step
04:55:33 ep 10 step 15500 word 2.514 base 3.279 mean 5.324 lr x0.075 0.10s/step
04:55:41 ep 10 step 15600 word 2.537 base 3.297 mean 5.424 lr x0.072 0.08s/step
04:55:50 ep 10 step 15700 word 2.506 base 3.297 mean 5.362 lr x0.069 0.09s/step
04:56:00 ep 10 step 15800 word 2.544 base 3.302 mean 5.401 lr x0.065 0.09s/step
04:56:09 ep 10 step 15900 word 2.531 base 3.305 mean 5.383 lr x0.062 0.10s/step
04:56:18 ep 10 step 16000 word 2.501 base 3.294 mean 5.279 lr x0.059 0.09s/step
04:56:30 ep 10 step 16100 word 2.493 base 3.301 mean 5.307 lr x0.056 0.11s/step
04:56:42 ep 10 step 16200 word 2.555 base 3.306 mean 5.349 lr x0.054 0.12s/step
04:56:54 ep 10 step 16300 word 2.495 base 3.299 mean 5.396 lr x0.051 0.12s/step
04:57:07 ep 10 step 16400 word 2.448 base 3.271 mean 5.291 lr x0.049 0.13s/step
04:57:17 ep 10 step 16500 word 2.555 base 3.289 mean 5.449 lr x0.047 0.10s/step
04:57:29 == epoch 10 deep: bacc10 0.5043 best 0.6202@lam1.0 | broad: bacc10 0.4498 best 0.6107@lam1.0
04:57:32 new best deep 0.6202
04:57:43 ep 11 step 16600 word 2.509 base 3.308 mean 5.412 lr x0.044 0.11s/step
04:57:52 ep 11 step 16700 word 2.494 base 3.278 mean 5.299 lr x0.042 0.09s/step
04:58:01 ep 11 step 16800 word 2.545 base 3.288 mean 5.361 lr x0.041 0.09s/step
04:58:10 ep 11 step 16900 word 2.485 base 3.274 mean 5.371 lr x0.039 0.09s/step
04:58:19 ep 11 step 17000 word 2.503 base 3.287 mean 5.207 lr x0.037 0.09s/step
04:58:29 ep 11 step 17100 word 2.438 base 3.270 mean 5.193 lr x0.036 0.10s/step
04:58:38 ep 11 step 17200 word 2.513 base 3.309 mean 5.297 lr x0.035 0.09s/step
04:58:47 ep 11 step 17300 word 2.527 base 3.291 mean 5.405 lr x0.034 0.09s/step
04:58:56 ep 11 step 17400 word 2.478 base 3.266 mean 5.233 lr x0.033 0.09s/step
04:59:05 ep 11 step 17500 word 2.498 base 3.279 mean 5.378 lr x0.032 0.09s/step
04:59:13 ep 11 step 17600 word 2.500 base 3.282 mean 5.464 lr x0.031 0.08s/step
04:59:22 ep 11 step 17700 word 2.492 base 3.300 mean 5.257 lr x0.031 0.09s/step
04:59:29 ep 11 step 17800 word 2.495 base 3.299 mean 5.267 lr x0.030 0.07s/step
04:59:38 ep 11 step 17900 word 2.498 base 3.289 mean 5.383 lr x0.030 0.09s/step
04:59:46 ep 11 step 18000 word 2.487 base 3.275 mean 5.305 lr x0.030 0.08s/step
04:59:56 == epoch 11 deep: bacc10 0.5083 best 0.6177@lam1.0 | broad: bacc10 0.4461 best 0.6036@lam1.0
04:59:57 done. best 0.6267
05:00:04 loading /data/omar/m2/d/r/s2/best_deep.pt
/data/omar/m2/core/seq.py:146: UserWarning: enable_nested_tensor is True, but self.use_nested_tensor is False because encoder_layer.norm_first was True
  self.tf = nn.TransformerEncoder(layer, depth)
05:00:10 deep val {'bacc10': 0.5042582836997951, 'best': 0.6201707926659499, 'lam': 1.0, 'n': 2321} -> /data/omar/m2/d/o/xv_deep_s2.npz
05:00:13 loading /data/omar/m2/d/r/s2/best_broad.pt
/data/omar/m2/core/seq.py:146: UserWarning: enable_nested_tensor is True, but self.use_nested_tensor is False because encoder_layer.norm_first was True
  self.tf = nn.TransformerEncoder(layer, depth)
05:00:25 broad val {'bacc10': 0.5039657297805298, 'best': 0.6625725575765284, 'lam': 1.0, 'n': 6924} -> /data/omar/m2/d/o/xv_broad_s2.npz
05:00:30 loading /data/omar/m2/d/r/s2/best_deep.pt
/data/omar/m2/core/seq.py:146: UserWarning: enable_nested_tensor is True, but self.use_nested_tensor is False because encoder_layer.norm_first was True
  self.tf = nn.TransformerEncoder(layer, depth)
05:00:47 -> /data/omar/m2/d/o/x_deep_s2.npz (248 sentences/words, lam 1.0)
05:00:49 loading /data/omar/m2/d/r/s2/best_broad.pt
/data/omar/m2/core/seq.py:146: UserWarning: enable_nested_tensor is True, but self.use_nested_tensor is False because encoder_layer.norm_first was True
  self.tf = nn.TransformerEncoder(layer, depth)
05:02:55 -> /data/omar/m2/d/o/x_broad_s2.npz (9671 sentences/words, lam 1.0)
SEQ s2 DONE
