nohup: ignoring input
/data/omar/m2/core/seq.py:146: UserWarning: enable_nested_tensor is True, but self.use_nested_tensor is False because encoder_layer.norm_first was True
  self.tf = nn.TransformerEncoder(layer, depth)
03:36:39 65587 train sentences, 2977 val chunks, pre 250
03:36:54 ep 0 step 100 word 3.335 base 3.322 mean 11.967 lr x0.333 0.14s/step
03:37:03 ep 0 step 200 word 3.342 base 3.306 mean 9.721 lr x0.666 0.10s/step
03:37:13 ep 0 step 300 word 3.339 base 3.290 mean 9.773 lr x0.999 0.09s/step
03:37:23 ep 0 step 400 word 3.402 base 3.347 mean 9.365 lr x0.999 0.10s/step
03:37:33 ep 0 step 500 word 3.397 base 3.345 mean 9.500 lr x0.998 0.10s/step
03:37:42 ep 0 step 600 word 3.397 base 3.355 mean 9.326 lr x0.997 0.09s/step
03:37:51 ep 0 step 700 word 3.370 base 3.332 mean 9.330 lr x0.996 0.09s/step
03:38:00 ep 0 step 800 word 3.328 base 3.287 mean 9.448 lr x0.995 0.09s/step
03:38:10 ep 0 step 900 word 3.382 base 3.357 mean 9.119 lr x0.994 0.10s/step
03:38:19 ep 0 step 1000 word 3.332 base 3.319 mean 9.214 lr x0.993 0.09s/step
03:38:28 ep 0 step 1100 word 3.320 base 3.328 mean 9.260 lr x0.991 0.09s/step
03:38:37 ep 0 step 1200 word 3.321 base 3.353 mean 8.984 lr x0.989 0.09s/step
03:38:47 ep 0 step 1300 word 3.326 base 3.370 mean 8.985 lr x0.988 0.10s/step
03:38:56 ep 0 step 1400 word 3.252 base 3.333 mean 8.804 lr x0.986 0.09s/step
03:39:04 ep 0 step 1500 word 3.266 base 3.346 mean 8.637 lr x0.983 0.08s/step
03:39:23 == epoch 0 deep: bacc10 0.2669 best 0.3002@lam1.0 | broad: bacc10 0.2201 best 0.3681@lam1.0
03:39:26 new best 0.3341
03:39:38 ep 1 step 1600 word 3.271 base 3.342 mean 8.704 lr x0.981 0.12s/step
03:39:47 ep 1 step 1700 word 3.224 base 3.330 mean 8.659 lr x0.979 0.09s/step
03:39:58 ep 1 step 1800 word 3.255 base 3.363 mean 8.646 lr x0.976 0.10s/step
03:40:08 ep 1 step 1900 word 3.197 base 3.356 mean 8.461 lr x0.974 0.10s/step
03:40:17 ep 1 step 2000 word 3.204 base 3.349 mean 8.372 lr x0.971 0.09s/step
03:40:27 ep 1 step 2100 word 3.182 base 3.342 mean 8.431 lr x0.968 0.10s/step
03:40:37 ep 1 step 2200 word 3.194 base 3.347 mean 8.189 lr x0.965 0.10s/step
03:40:47 ep 1 step 2300 word 3.180 base 3.339 mean 8.371 lr x0.961 0.10s/step
03:40:56 ep 1 step 2400 word 3.147 base 3.329 mean 8.317 lr x0.958 0.09s/step
03:41:06 ep 1 step 2500 word 3.113 base 3.319 mean 8.259 lr x0.955 0.10s/step
03:41:16 ep 1 step 2600 word 3.190 base 3.388 mean 8.051 lr x0.951 0.10s/step
03:41:25 ep 1 step 2700 word 3.147 base 3.368 mean 7.956 lr x0.947 0.09s/step
03:41:35 ep 1 step 2800 word 3.128 base 3.371 mean 7.809 lr x0.943 0.09s/step
03:41:44 ep 1 step 2900 word 3.123 base 3.362 mean 7.962 lr x0.939 0.09s/step
03:41:53 ep 1 step 3000 word 3.111 base 3.359 mean 7.877 lr x0.935 0.09s/step
03:42:08 == epoch 1 deep: bacc10 0.3102 best 0.3969@lam1.0 | broad: bacc10 0.3489 best 0.4942@lam1.0
03:42:12 new best 0.4456
03:42:23 ep 2 step 3100 word 3.076 base 3.359 mean 7.877 lr x0.931 0.12s/step
03:42:33 ep 2 step 3200 word 3.066 base 3.371 mean 7.769 lr x0.926 0.10s/step
03:42:43 ep 2 step 3300 word 3.068 base 3.355 mean 7.694 lr x0.922 0.10s/step
03:42:55 ep 2 step 3400 word 3.050 base 3.366 mean 7.538 lr x0.917 0.12s/step
03:43:07 ep 2 step 3500 word 3.069 base 3.404 mean 7.485 lr x0.912 0.12s/step
03:43:19 ep 2 step 3600 word 3.011 base 3.333 mean 7.646 lr x0.907 0.12s/step
03:43:31 ep 2 step 3700 word 3.010 base 3.332 mean 7.440 lr x0.902 0.12s/step
03:43:43 ep 2 step 3800 word 3.040 base 3.380 mean 7.464 lr x0.897 0.12s/step
03:43:52 ep 2 step 3900 word 3.045 base 3.392 mean 7.319 lr x0.892 0.09s/step
03:44:02 ep 2 step 4000 word 2.992 base 3.350 mean 7.381 lr x0.887 0.09s/step
03:44:11 ep 2 step 4100 word 3.002 base 3.374 mean 7.195 lr x0.881 0.09s/step
03:44:20 ep 2 step 4200 word 3.014 base 3.384 mean 7.185 lr x0.875 0.10s/step
03:44:30 ep 2 step 4300 word 2.983 base 3.371 mean 7.115 lr x0.870 0.10s/step
03:44:39 ep 2 step 4400 word 2.976 base 3.362 mean 7.233 lr x0.864 0.09s/step
03:44:47 ep 2 step 4500 word 2.972 base 3.377 mean 7.140 lr x0.858 0.08s/step
03:45:04 == epoch 2 deep: bacc10 0.4165 best 0.5233@lam1.0 | broad: bacc10 0.4520 best 0.6385@lam1.0
03:45:08 new best 0.5809
03:45:19 ep 3 step 4600 word 3.009 base 3.396 mean 7.126 lr x0.852 0.12s/step
03:45:30 ep 3 step 4700 word 2.941 base 3.341 mean 7.135 lr x0.846 0.10s/step
03:45:40 ep 3 step 4800 word 2.939 base 3.358 mean 7.135 lr x0.840 0.10s/step
03:45:50 ep 3 step 4900 word 2.953 base 3.395 mean 6.862 lr x0.833 0.10s/step
03:45:59 ep 3 step 5000 word 2.941 base 3.373 mean 6.967 lr x0.827 0.09s/step
03:46:08 ep 3 step 5100 word 2.903 base 3.365 mean 6.968 lr x0.820 0.09s/step
03:46:18 ep 3 step 5200 word 2.940 base 3.379 mean 6.887 lr x0.814 0.10s/step
03:46:28 ep 3 step 5300 word 2.890 base 3.375 mean 6.703 lr x0.807 0.10s/step
03:46:37 ep 3 step 5400 word 2.928 base 3.391 mean 7.108 lr x0.800 0.09s/step
03:46:46 ep 3 step 5500 word 2.893 base 3.362 mean 6.766 lr x0.793 0.09s/step
03:46:56 ep 3 step 5600 word 2.912 base 3.365 mean 6.903 lr x0.786 0.10s/step
03:47:06 ep 3 step 5700 word 2.908 base 3.365 mean 6.644 lr x0.779 0.09s/step
03:47:15 ep 3 step 5800 word 2.926 base 3.389 mean 6.794 lr x0.772 0.09s/step
03:47:25 ep 3 step 5900 word 2.884 base 3.343 mean 6.705 lr x0.765 0.09s/step
03:47:34 ep 3 step 6000 word 2.904 base 3.379 mean 6.726 lr x0.758 0.09s/step
03:47:43 == epoch 3 deep: bacc10 0.4598 best 0.5669@lam0.5 | broad: bacc10 0.5041 best 0.6812@lam1.0
03:47:47 new best 0.6241
03:47:58 ep 4 step 6100 word 2.870 base 3.351 mean 6.484 lr x0.750 0.11s/step
03:48:09 ep 4 step 6200 word 2.908 base 3.383 mean 6.660 lr x0.743 0.10s/step
03:48:19 ep 4 step 6300 word 2.834 base 3.351 mean 6.737 lr x0.735 0.11s/step
03:48:29 ep 4 step 6400 word 2.920 base 3.398 mean 6.664 lr x0.728 0.10s/step
03:48:39 ep 4 step 6500 word 2.866 base 3.378 mean 6.489 lr x0.720 0.10s/step
03:48:50 ep 4 step 6600 word 2.814 base 3.346 mean 6.549 lr x0.712 0.11s/step
03:49:00 ep 4 step 6700 word 2.856 base 3.363 mean 6.568 lr x0.705 0.10s/step
03:49:09 ep 4 step 6800 word 2.842 base 3.355 mean 6.491 lr x0.697 0.10s/step
03:49:20 ep 4 step 6900 word 2.856 base 3.359 mean 6.404 lr x0.689 0.10s/step
03:49:31 ep 4 step 7000 word 2.855 base 3.369 mean 6.536 lr x0.681 0.11s/step
03:49:40 ep 4 step 7100 word 2.843 base 3.384 mean 6.319 lr x0.673 0.09s/step
03:49:49 ep 4 step 7200 word 2.828 base 3.378 mean 6.402 lr x0.665 0.09s/step
03:49:59 ep 4 step 7300 word 2.791 base 3.352 mean 6.323 lr x0.657 0.10s/step
03:50:10 ep 4 step 7400 word 2.774 base 3.324 mean 6.369 lr x0.649 0.11s/step
03:50:18 ep 4 step 7500 word 2.812 base 3.353 mean 6.275 lr x0.641 0.08s/step
03:50:27 == epoch 4 deep: bacc10 0.4820 best 0.5845@lam1.0 | broad: bacc10 0.5004 best 0.6524@lam1.0
03:50:40 ep 5 step 7600 word 2.757 base 3.338 mean 6.273 lr x0.632 0.11s/step
03:50:50 ep 5 step 7700 word 2.787 base 3.341 mean 6.367 lr x0.624 0.10s/step
03:51:00 ep 5 step 7800 word 2.820 base 3.372 mean 6.310 lr x0.616 0.09s/step
03:51:09 ep 5 step 7900 word 2.860 base 3.394 mean 6.348 lr x0.608 0.09s/step
03:51:19 ep 5 step 8000 word 2.784 base 3.359 mean 6.346 lr x0.599 0.10s/step
03:51:29 ep 5 step 8100 word 2.755 base 3.325 mean 6.229 lr x0.591 0.10s/step
03:51:38 ep 5 step 8200 word 2.761 base 3.353 mean 6.086 lr x0.583 0.09s/step
03:51:47 ep 5 step 8300 word 2.760 base 3.355 mean 6.137 lr x0.574 0.10s/step
03:51:56 ep 5 step 8400 word 2.761 base 3.359 mean 6.114 lr x0.566 0.08s/step
03:52:06 ep 5 step 8500 word 2.799 base 3.389 mean 6.172 lr x0.557 0.10s/step
03:52:15 ep 5 step 8600 word 2.766 base 3.342 mean 6.128 lr x0.549 0.09s/step
03:52:24 ep 5 step 8700 word 2.726 base 3.361 mean 6.145 lr x0.540 0.10s/step
03:52:33 ep 5 step 8800 word 2.722 base 3.305 mean 6.201 lr x0.532 0.09s/step
03:52:44 ep 5 step 8900 word 2.751 base 3.349 mean 6.158 lr x0.524 0.10s/step
03:52:51 ep 5 step 9000 word 2.764 base 3.345 mean 6.196 lr x0.515 0.08s/step
03:53:01 == epoch 5 deep: bacc10 0.5015 best 0.6015@lam1.0 | broad: bacc10 0.4904 best 0.6556@lam1.0
03:53:04 new best 0.6285
03:53:16 ep 6 step 9100 word 2.737 base 3.369 mean 6.062 lr x0.507 0.12s/step
03:53:25 ep 6 step 9200 word 2.697 base 3.352 mean 6.020 lr x0.498 0.09s/step
03:53:35 ep 6 step 9300 word 2.709 base 3.348 mean 6.101 lr x0.490 0.10s/step
03:53:44 ep 6 step 9400 word 2.687 base 3.331 mean 5.889 lr x0.481 0.10s/step
03:53:54 ep 6 step 9500 word 2.690 base 3.355 mean 6.015 lr x0.473 0.10s/step
03:54:03 ep 6 step 9600 word 2.679 base 3.328 mean 5.872 lr x0.464 0.09s/step
03:54:13 ep 6 step 9700 word 2.648 base 3.325 mean 5.855 lr x0.456 0.10s/step
03:54:22 ep 6 step 9800 word 2.661 base 3.341 mean 5.920 lr x0.448 0.09s/step
03:54:33 ep 6 step 9900 word 2.692 base 3.379 mean 5.867 lr x0.439 0.10s/step
03:54:42 ep 6 step 10000 word 2.709 base 3.354 mean 5.877 lr x0.431 0.09s/step
03:54:51 ep 6 step 10100 word 2.666 base 3.359 mean 5.850 lr x0.423 0.09s/step
03:55:01 ep 6 step 10200 word 2.668 base 3.361 mean 5.770 lr x0.414 0.09s/step
03:55:11 ep 6 step 10300 word 2.675 base 3.359 mean 5.811 lr x0.406 0.10s/step
03:55:21 ep 6 step 10400 word 2.641 base 3.348 mean 5.808 lr x0.398 0.10s/step
03:55:28 ep 6 step 10500 word 2.619 base 3.342 mean 5.795 lr x0.390 0.08s/step
03:55:38 == epoch 6 deep: bacc10 0.4918 best 0.6078@lam1.0 | broad: bacc10 0.4705 best 0.6306@lam1.0
03:55:51 ep 7 step 10600 word 2.618 base 3.339 mean 5.804 lr x0.381 0.12s/step
03:56:00 ep 7 step 10700 word 2.643 base 3.342 mean 5.943 lr x0.373 0.09s/step
03:56:10 ep 7 step 10800 word 2.598 base 3.337 mean 5.798 lr x0.365 0.10s/step
03:56:20 ep 7 step 10900 word 2.684 base 3.322 mean 5.889 lr x0.357 0.10s/step
03:56:30 ep 7 step 11000 word 2.579 base 3.331 mean 5.727 lr x0.349 0.10s/step
03:56:39 ep 7 step 11100 word 2.640 base 3.352 mean 5.749 lr x0.341 0.09s/step
03:56:48 ep 7 step 11200 word 2.612 base 3.351 mean 5.716 lr x0.333 0.09s/step
03:56:57 ep 7 step 11300 word 2.620 base 3.356 mean 5.743 lr x0.326 0.09s/step
03:57:07 ep 7 step 11400 word 2.631 base 3.361 mean 5.510 lr x0.318 0.10s/step
03:57:16 ep 7 step 11500 word 2.527 base 3.306 mean 5.581 lr x0.310 0.09s/step
03:57:25 ep 7 step 11600 word 2.594 base 3.377 mean 5.614 lr x0.302 0.09s/step
03:57:34 ep 7 step 11700 word 2.562 base 3.345 mean 5.601 lr x0.295 0.09s/step
03:57:44 ep 7 step 11800 word 2.570 base 3.348 mean 5.401 lr x0.287 0.10s/step
03:57:53 ep 7 step 11900 word 2.594 base 3.344 mean 5.598 lr x0.280 0.09s/step
03:58:00 ep 7 step 12000 word 2.605 base 3.375 mean 5.586 lr x0.273 0.07s/step
03:58:10 == epoch 7 deep: bacc10 0.4964 best 0.5893@lam0.5 | broad: bacc10 0.4455 best 0.6114@lam1.0
03:58:23 ep 8 step 12100 word 2.539 base 3.332 mean 5.556 lr x0.265 0.12s/step
03:58:32 ep 8 step 12200 word 2.534 base 3.340 mean 5.416 lr x0.258 0.09s/step
03:58:42 ep 8 step 12300 word 2.590 base 3.353 mean 5.679 lr x0.251 0.09s/step
03:58:52 ep 8 step 12400 word 2.556 base 3.347 mean 5.467 lr x0.244 0.10s/step
03:59:01 ep 8 step 12500 word 2.538 base 3.330 mean 5.448 lr x0.237 0.09s/step
03:59:10 ep 8 step 12600 word 2.517 base 3.324 mean 5.423 lr x0.230 0.09s/step
03:59:19 ep 8 step 12700 word 2.539 base 3.310 mean 5.562 lr x0.223 0.09s/step
03:59:29 ep 8 step 12800 word 2.510 base 3.311 mean 5.621 lr x0.216 0.10s/step
03:59:38 ep 8 step 12900 word 2.523 base 3.317 mean 5.523 lr x0.210 0.09s/step
03:59:48 ep 8 step 13000 word 2.497 base 3.329 mean 5.479 lr x0.203 0.10s/step
03:59:57 ep 8 step 13100 word 2.515 base 3.329 mean 5.436 lr x0.197 0.09s/step
04:00:08 ep 8 step 13200 word 2.493 base 3.324 mean 5.475 lr x0.191 0.10s/step
04:00:17 ep 8 step 13300 word 2.463 base 3.317 mean 5.395 lr x0.184 0.09s/step
04:00:26 ep 8 step 13400 word 2.445 base 3.294 mean 5.371 lr x0.178 0.09s/step
04:00:34 ep 8 step 13500 word 2.473 base 3.324 mean 5.474 lr x0.172 0.08s/step
04:00:44 == epoch 8 deep: bacc10 0.5017 best 0.5985@lam1.0 | broad: bacc10 0.4343 best 0.6052@lam1.0
04:00:56 ep 9 step 13600 word 2.469 base 3.300 mean 5.453 lr x0.166 0.11s/step
04:01:05 ep 9 step 13700 word 2.468 base 3.344 mean 5.352 lr x0.160 0.09s/step
04:01:14 ep 9 step 13800 word 2.494 base 3.333 mean 5.445 lr x0.155 0.09s/step
04:01:25 ep 9 step 13900 word 2.425 base 3.323 mean 5.318 lr x0.149 0.11s/step
04:01:34 ep 9 step 14000 word 2.509 base 3.334 mean 5.456 lr x0.144 0.09s/step
04:01:43 ep 9 step 14100 word 2.494 base 3.372 mean 5.181 lr x0.138 0.09s/step
04:01:52 ep 9 step 14200 word 2.484 base 3.343 mean 5.377 lr x0.133 0.09s/step
04:02:01 ep 9 step 14300 word 2.502 base 3.346 mean 5.193 lr x0.128 0.09s/step
04:02:11 ep 9 step 14400 word 2.528 base 3.340 mean 5.341 lr x0.123 0.10s/step
04:02:20 ep 9 step 14500 word 2.386 base 3.301 mean 5.203 lr x0.118 0.09s/step
04:02:29 ep 9 step 14600 word 2.470 base 3.360 mean 5.312 lr x0.113 0.09s/step
04:02:39 ep 9 step 14700 word 2.438 base 3.332 mean 5.347 lr x0.108 0.10s/step
04:02:48 ep 9 step 14800 word 2.447 base 3.322 mean 5.257 lr x0.104 0.09s/step
04:02:57 ep 9 step 14900 word 2.416 base 3.330 mean 5.229 lr x0.099 0.09s/step
04:03:05 ep 9 step 15000 word 2.388 base 3.307 mean 5.099 lr x0.095 0.08s/step
04:03:14 == epoch 9 deep: bacc10 0.5058 best 0.5970@lam1.0 | broad: bacc10 0.4167 best 0.5883@lam1.0
04:03:27 ep 10 step 15100 word 2.451 base 3.332 mean 5.097 lr x0.091 0.11s/step
04:03:36 ep 10 step 15200 word 2.425 base 3.294 mean 5.210 lr x0.087 0.09s/step
04:03:46 ep 10 step 15300 word 2.438 base 3.308 mean 5.122 lr x0.083 0.10s/step
04:03:56 ep 10 step 15400 word 2.483 base 3.349 mean 5.288 lr x0.079 0.10s/step
04:04:05 ep 10 step 15500 word 2.388 base 3.303 mean 5.222 lr x0.075 0.09s/step
04:04:15 ep 10 step 15600 word 2.472 base 3.342 mean 5.232 lr x0.072 0.10s/step
04:04:25 ep 10 step 15700 word 2.462 base 3.339 mean 5.234 lr x0.069 0.09s/step
04:04:35 ep 10 step 15800 word 2.471 base 3.321 mean 5.312 lr x0.065 0.10s/step
04:04:44 ep 10 step 15900 word 2.367 base 3.302 mean 5.184 lr x0.062 0.09s/step
04:04:53 ep 10 step 16000 word 2.378 base 3.346 mean 5.143 lr x0.059 0.09s/step
04:05:02 ep 10 step 16100 word 2.400 base 3.344 mean 5.154 lr x0.056 0.09s/step
04:05:13 ep 10 step 16200 word 2.428 base 3.322 mean 5.124 lr x0.054 0.11s/step
04:05:22 ep 10 step 16300 word 2.432 base 3.325 mean 5.252 lr x0.051 0.09s/step
04:05:31 ep 10 step 16400 word 2.382 base 3.300 mean 5.236 lr x0.049 0.09s/step
04:05:39 ep 10 step 16500 word 2.454 base 3.320 mean 5.267 lr x0.047 0.08s/step
04:05:49 == epoch 10 deep: bacc10 0.4823 best 0.5978@lam1.0 | broad: bacc10 0.4197 best 0.5661@lam1.0
04:06:02 ep 11 step 16600 word 2.415 base 3.335 mean 5.168 lr x0.044 0.11s/step
04:06:11 ep 11 step 16700 word 2.368 base 3.313 mean 5.032 lr x0.042 0.09s/step
04:06:21 ep 11 step 16800 word 2.444 base 3.351 mean 5.234 lr x0.041 0.10s/step
04:06:31 ep 11 step 16900 word 2.339 base 3.287 mean 5.097 lr x0.039 0.10s/step
04:06:41 ep 11 step 17000 word 2.410 base 3.327 mean 5.143 lr x0.037 0.09s/step
04:06:50 ep 11 step 17100 word 2.409 base 3.333 mean 5.133 lr x0.036 0.09s/step
04:07:00 ep 11 step 17200 word 2.412 base 3.320 mean 5.186 lr x0.035 0.10s/step
04:07:09 ep 11 step 17300 word 2.417 base 3.330 mean 5.269 lr x0.034 0.10s/step
04:07:19 ep 11 step 17400 word 2.366 base 3.301 mean 5.114 lr x0.033 0.09s/step
04:07:28 ep 11 step 17500 word 2.376 base 3.294 mean 5.141 lr x0.032 0.09s/step
04:07:38 ep 11 step 17600 word 2.419 base 3.325 mean 5.106 lr x0.031 0.10s/step
04:07:48 ep 11 step 17700 word 2.439 base 3.330 mean 5.165 lr x0.031 0.10s/step
04:07:57 ep 11 step 17800 word 2.384 base 3.328 mean 5.046 lr x0.030 0.09s/step
04:08:06 ep 11 step 17900 word 2.446 base 3.344 mean 5.215 lr x0.030 0.09s/step
04:08:15 ep 11 step 18000 word 2.385 base 3.303 mean 5.039 lr x0.030 0.09s/step
04:08:24 == epoch 11 deep: bacc10 0.4929 best 0.6045@lam1.0 | broad: bacc10 0.4167 best 0.5657@lam1.0
04:08:26 done. best 0.6285
/data/omar/m2/core/seq.py:146: UserWarning: enable_nested_tensor is True, but self.use_nested_tensor is False because encoder_layer.norm_first was True
  self.tf = nn.TransformerEncoder(layer, depth)
04:08:37 deep val {'bacc10': 0.501527591558928, 'best': 0.6015058620432732, 'lam': 1.0, 'n': 2321} -> /data/omar/m2/d/o/xv_deep_s8.npz
/data/omar/m2/core/seq.py:146: UserWarning: enable_nested_tensor is True, but self.use_nested_tensor is False because encoder_layer.norm_first was True
  self.tf = nn.TransformerEncoder(layer, depth)
04:08:50 broad val {'bacc10': 0.4906918926574687, 'best': 0.6553665195754852, 'lam': 1.0, 'n': 6924} -> /data/omar/m2/d/o/xv_broad_s8.npz
/data/omar/m2/core/seq.py:146: UserWarning: enable_nested_tensor is True, but self.use_nested_tensor is False because encoder_layer.norm_first was True
  self.tf = nn.TransformerEncoder(layer, depth)
04:08:56 -> /data/omar/m2/d/o/x_deep_s8.npz (248 sentences/words, lam 1.0)
/data/omar/m2/core/seq.py:146: UserWarning: enable_nested_tensor is True, but self.use_nested_tensor is False because encoder_layer.norm_first was True
  self.tf = nn.TransformerEncoder(layer, depth)
04:16:32 -> /data/omar/m2/d/o/x_broad_s8.npz (9671 sentences/words, lam 1.0)
SEQ s8 DONE
